E:\Falcon Delivery Chatbot\falcon-env\lib\site-packages\rasa\core\tracker_store.py:1044: MovedIn20Warning: Deprecated API features detected! These feature(s) are not compatible with SQLAlchemy 2.0. To prevent incompatible upgrades prior to updating applications, ensure requirements files are pinned to "sqlalchemy<2.0". Set environment variable SQLALCHEMY_WARN_20=1 to show all deprecation warnings.  Set environment variable SQLALCHEMY_SILENCE_UBER_WARNING=1 to silence this message. (Background on SQLAlchemy 2.0 at: https://sqlalche.me/e/b8d9)
  Base: DeclarativeMeta = declarative_base()
E:\Falcon Delivery Chatbot\falcon-env\lib\site-packages\rasa\shared\utils\validation.py:134: DeprecationWarning: pkg_resources is deprecated as an API. See https://setuptools.pypa.io/en/latest/pkg_resources.html
  import pkg_resources
E:\Falcon Delivery Chatbot\falcon-env\lib\site-packages\pkg_resources\__init__.py:2832: DeprecationWarning: Deprecated call to `pkg_resources.declare_namespace('mpl_toolkits')`.
Implementing implicit namespace packages (as specified in PEP 420) is preferred to `pkg_resources.declare_namespace`. See https://setuptools.pypa.io/en/latest/references/keywords.html#keyword-namespace-packages
  declare_namespace(pkg)
E:\Falcon Delivery Chatbot\falcon-env\lib\site-packages\pkg_resources\__init__.py:2832: DeprecationWarning: Deprecated call to `pkg_resources.declare_namespace('ruamel')`.
Implementing implicit namespace packages (as specified in PEP 420) is preferred to `pkg_resources.declare_namespace`. See https://setuptools.pypa.io/en/latest/references/keywords.html#keyword-namespace-packages
  declare_namespace(pkg)
<frozen importlib._bootstrap>:283: DeprecationWarning: the load_module() method is deprecated and slated for removal in Python 3.12; use exec_module() instead
E:\Falcon Delivery Chatbot\falcon-env\lib\site-packages\sanic_cors\extension.py:39: DeprecationWarning: distutils Version classes are deprecated. Use packaging.version instead.
  SANIC_VERSION = LooseVersion(sanic_version)
2026-07-21 10:35:35 [1;30mINFO    [0m [34mrasa_sdk.endpoint[0m  - Starting action endpoint server...
2026-07-21 10:35:36 [1;30mINFO    [0m [34mrasa_sdk.executor[0m  - Registered function for 'action_search_products'.
2026-07-21 10:35:36 [1;30mINFO    [0m [34mrasa_sdk.executor[0m  - Registered function for 'action_show_more_results'.
2026-07-21 10:35:36 [1;30mINFO    [0m [34mrasa_sdk.executor[0m  - Registered function for 'action_resolve_product_selection'.
2026-07-21 10:35:36 [1;30mINFO    [0m [34mrasa_sdk.executor[0m  - Registered function for 'action_set_quantity'.
2026-07-21 10:35:36 [1;30mINFO    [0m [34mrasa_sdk.executor[0m  - Registered function for 'action_add_product_to_cart'.
2026-07-21 10:35:36 [1;30mINFO    [0m [34mrasa_sdk.executor[0m  - Registered function for 'action_modify_search'.
2026-07-21 10:35:36 [1;30mINFO    [0m [34mrasa_sdk.executor[0m  - Registered function for 'action_restart_search'.
2026-07-21 10:35:36 [1;30mINFO    [0m [34mrasa_sdk.executor[0m  - Registered function for 'action_show_product_details'.
2026-07-21 10:35:36 [1;30mINFO    [0m [34mrasa_sdk.executor[0m  - Registered function for 'action_reset_product_flow'.
2026-07-21 10:35:36 [1;30mINFO    [0m [34mrasa_sdk.executor[0m  - Registered function for 'action_explain_supported_scope'.
2026-07-21 10:35:36 [1;30mINFO    [0m [34mrasa_sdk.executor[0m  - Registered function for 'action_handle_affirm'.
2026-07-21 10:35:36 [1;30mINFO    [0m [34mrasa_sdk.executor[0m  - Registered function for 'action_handle_deny'.
2026-07-21 10:35:36 [1;30mINFO    [0m [34mrasa_sdk.executor[0m  - Registered function for 'action_start_search'.
2026-07-21 10:35:36 [1;30mINFO    [0m [34mrasa_sdk.executor[0m  - Registered function for 'action_start_recommendation'.
2026-07-21 10:35:36 [1;30mINFO    [0m [34mrasa_sdk.executor[0m  - Registered function for 'validate_product_search_form'.
2026-07-21 10:35:36 [1;30mINFO    [0m [34mrasa_sdk.executor[0m  - Registered function for 'action_search_mock_products'.
2026-07-21 10:35:36 [1;30mINFO    [0m [34mrasa_sdk.executor[0m  - Registered function for 'action_show_selected_product'.
2026-07-21 10:35:36 [1;30mINFO    [0m [34mrasa_sdk.executor[0m  - Registered function for 'action_prepare_mock_cart_item'.
2026-07-21 10:35:36 [1;30mINFO    [0m [34mrasa_sdk.executor[0m  - Registered function for 'action_reset_dialogue_state'.
2026-07-21 10:35:36 [1;30mINFO    [0m [34mrasa_sdk.endpoint[0m  - Starting plugins...
2026-07-21 10:35:36 [1;30mDEBUG   [0m [34mrasa_sdk.plugin[0m  - No plugins found: No module named 'rasa_sdk_plugins'
2026-07-21 10:35:36 [1;30mINFO    [0m [34mrasa_sdk.endpoint[0m  - Action endpoint is up and running on http://0.0.0.0:5055
2026-07-21 10:35:36 [1;30mDEBUG   [0m [34mrasa_sdk.utils[0m  - Using the default number of Sanic workers (1).
2026-07-21 10:35:56 [1;30mDEBUG   [0m [34mrasa_sdk.executor[0m  - Received request to run 'action_search_products'
2026-07-21 10:35:56 [1;30mDEBUG   [0m [34mrasa_sdk.executor[0m  - Finished running 'action_search_products'
2026-07-21 10:35:56 [1;30mDEBUG   [0m [34mrasa_sdk.executor[0m  - Received request to run 'action_resolve_product_selection'
2026-07-21 10:35:56 [1;30mDEBUG   [0m [34mactions.actions[0m  - action_resolve_product_selection begin: {"latest_message_text": "\u0627\u0644\u0623\u0648\u0644", "latest_message_entities": [{"entity": "selected_index", "start": 0, "end": 5, "confidence_entity": 0.9991528987884521, "value": "\u0627\u0644\u0623\u0648\u0644", "extractor": "DIETClassifier", "processors": ["EntitySynonymMapper"]}], "dialogue_stage": "awaiting_selection", "awaiting_selection": true, "awaiting_quantity": false, "awaiting_cart_confirmation": false, "selected_index": "\u0627\u0644\u0623\u0648\u0644", "selected_product_id": null, "quantity": null}
2026-07-21 10:35:56 [1;30mDEBUG   [0m [34mactions.actions[0m  - action_resolve_product_selection end: {"latest_message_text": "\u0627\u0644\u0623\u0648\u0644", "latest_message_entities": [{"entity": "selected_index", "start": 0, "end": 5, "confidence_entity": 0.9991528987884521, "value": "\u0627\u0644\u0623\u0648\u0644", "extractor": "DIETClassifier", "processors": ["EntitySynonymMapper"]}], "dialogue_stage": "awaiting_selection", "awaiting_selection": true, "awaiting_quantity": false, "awaiting_cart_confirmation": false, "selected_index": "\u0627\u0644\u0623\u0648\u0644", "selected_product_id": null, "quantity": null, "returned_slot_events": [{"event": "slot", "timestamp": null, "name": "selected_index", "value": 1}, {"event": "slot", "timestamp": null, "name": "selected_product_id", "value": "pza_001"}, {"event": "slot", "timestamp": null, "name": "selected_product_name", "value": "\u0628\u064a\u062a\u0632\u0627 \u062f\u062c\u0627\u062c \u0643\u0628\u064a\u0631\u0629"}, {"event": "slot", "timestamp": null, "name": "selected_product_details", "value": {"id": "pza_001", "product_id": "pza_001", "variant_id": null, "name": "\u0628\u064a\u062a\u0632\u0627 \u062f\u062c\u0627\u062c \u0643\u0628\u064a\u0631\u0629", "category": null, "description": null, "price": 75000, "currency": "SYP", "store_id": null, "store_name": "Falcon Pizza House", "available": true, "available_sizes": [], "selected_size": null, "ingredients": ["\u062f\u062c\u0627\u062c", "\u062c\u0628\u0646\u0629", "\u0635\u0644\u0635\u0629"], "image_url": null}}, {"event": "slot", "timestamp": null, "name": "pending_action", "value": {"type": "add_to_cart", "status": "collect_quantity", "product_id": "pza_001", "product_name": "\u0628\u064a\u062a\u0632\u0627 \u062f\u062c\u0627\u062c \u0643\u0628\u064a\u0631\u0629"}}, {"event": "slot", "timestamp": null, "name": "dialogue_stage", "value": "awaiting_quantity"}, {"event": "slot", "timestamp": null, "name": "awaiting_selection", "value": false}, {"event": "slot", "timestamp": null, "name": "awaiting_quantity", "value": true}, {"event": "slot", "timestamp": null, "name": "awaiting_cart_confirmation", "value": false}, {"event": "slot", "timestamp": null, "name": "last_bot_question", "value": "\u0642\u062f\u064a\u0634 \u0628\u062f\u0643 \u0645\u0646\u0647\u0627\u061f"}]}
2026-07-21 10:35:56 [1;30mDEBUG   [0m [34mrasa_sdk.executor[0m  - Finished running 'action_resolve_product_selection'
2026-07-21 10:35:57 [1;30mDEBUG   [0m [34mrasa_sdk.executor[0m  - Received request to run 'action_resolve_product_selection'
2026-07-21 10:35:57 [1;30mDEBUG   [0m [34mactions.actions[0m  - action_resolve_product_selection begin: {"latest_message_text": "2", "latest_message_entities": [{"entity": "selected_index", "start": 0, "end": 1, "confidence_entity": 0.9994679093360901, "value": "2", "extractor": "DIETClassifier", "processors": ["EntitySynonymMapper"]}], "dialogue_stage": "awaiting_quantity", "awaiting_selection": false, "awaiting_quantity": true, "awaiting_cart_confirmation": false, "selected_index": "2", "selected_product_id": "pza_001", "quantity": null}
2026-07-21 10:35:57 [1;30mDEBUG   [0m [34mactions.actions[0m  - action_resolve_product_selection end: {"latest_message_text": "2", "latest_message_entities": [{"entity": "selected_index", "start": 0, "end": 1, "confidence_entity": 0.9994679093360901, "value": "2", "extractor": "DIETClassifier", "processors": ["EntitySynonymMapper"]}], "dialogue_stage": "awaiting_quantity", "awaiting_selection": false, "awaiting_quantity": true, "awaiting_cart_confirmation": false, "selected_index": "2", "selected_product_id": "pza_001", "quantity": null, "returned_slot_events": [{"event": "slot", "timestamp": null, "name": "selected_index", "value": null}, {"event": "slot", "timestamp": null, "name": "quantity", "value": 2}, {"event": "slot", "timestamp": null, "name": "pending_action", "value": {"type": "add_to_cart", "status": "confirm_cart", "product_id": "pza_001", "product_name": "\u0628\u064a\u062a\u0632\u0627 \u062f\u062c\u0627\u062c \u0643\u0628\u064a\u0631\u0629", "quantity": 2}}, {"event": "slot", "timestamp": null, "name": "dialogue_stage", "value": "awaiting_cart_confirmation"}, {"event": "slot", "timestamp": null, "name": "awaiting_selection", "value": false}, {"event": "slot", "timestamp": null, "name": "awaiting_quantity", "value": false}, {"event": "slot", "timestamp": null, "name": "awaiting_cart_confirmation", "value": true}, {"event": "slot", "timestamp": null, "name": "last_bot_question", "value": "\u0623\u0636\u064a\u0641\u0647\u0627 \u0625\u0644\u0649 \u0627\u0644\u0633\u0644\u0629 \u0627\u0644\u062a\u062c\u0631\u064a\u0628\u064a\u0629\u061f"}]}
2026-07-21 10:35:57 [1;30mDEBUG   [0m [34mrasa_sdk.executor[0m  - Finished running 'action_resolve_product_selection'
2026-07-21 10:35:58 [1;30mDEBUG   [0m [34mrasa_sdk.executor[0m  - Received request to run 'action_handle_affirm'
2026-07-21 10:35:58 [1;30mINFO    [0m [34mrasa_sdk.interfaces[0m  - Tried to access non existent slot 'user_id'.
2026-07-21 10:35:58 [1;30mDEBUG   [0m [34mrasa_sdk.executor[0m  - Finished running 'action_handle_affirm'
